
CORP-AD+w127495@WL-FP7XVG3-Abi MINGW64 ~ (master)
$ cd Gitpractice

CORP-AD+w127495@WL-FP7XVG3-Abi MINGW64 ~/Gitpractice (master)
$ cd ..

CORP-AD+w127495@WL-FP7XVG3-Abi MINGW64 ~ (master)
$ cd stash_exercise
bash: cd: stash_exercise: No such file or directory

CORP-AD+w127495@WL-FP7XVG3-Abi MINGW64 ~ (master)
$ start .

CORP-AD+w127495@WL-FP7XVG3-Abi MINGW64 ~ (master)
$ cd Do
Documents/ Downloads/

CORP-AD+w127495@WL-FP7XVG3-Abi MINGW64 ~ (master)
$ cd Documents/

CORP-AD+w127495@WL-FP7XVG3-Abi MINGW64 ~/Documents (master)
$ cd stash_exercise

CORP-AD+w127495@WL-FP7XVG3-Abi MINGW64 ~/Documents/stash_exercise (master)
$ touch diary.txt

CORP-AD+w127495@WL-FP7XVG3-Abi MINGW64 ~/Documents/stash_exercise (master)
$ echo "I love my boss " >>diary.txt

CORP-AD+w127495@WL-FP7XVG3-Abi MINGW64 ~/Documents/stash_exercise (master)
$ git commit -a -m "diary file added"
On branch master

Initial commit

Untracked files:
  (use "git add <file>..." to include in what will be committed)
        diary.txt

nothing added to commit but untracked files present (use "git add" to track)

CORP-AD+w127495@WL-FP7XVG3-Abi MINGW64 ~/Documents/stash_exercise (master)
$ git commit -am "diary file added"
On branch master

Initial commit

Untracked files:
  (use "git add <file>..." to include in what will be committed)
        diary.txt

nothing added to commit but untracked files present (use "git add" to track)

CORP-AD+w127495@WL-FP7XVG3-Abi MINGW64 ~/Documents/stash_exercise (master)
$ git add diary.txt
warning: in the working copy of 'diary.txt', LF will be replaced by CRLF the next time Git touches it

CORP-AD+w127495@WL-FP7XVG3-Abi MINGW64 ~/Documents/stash_exercise (master)
$ git commit -m "diary file added"
[master (root-commit) 51db011] diary file added
 1 file changed, 1 insertion(+)
 create mode 100644 diary.txt

CORP-AD+w127495@WL-FP7XVG3-Abi MINGW64 ~/Documents/stash_exercise (master)
$ git switch -c the-truth
Switched to a new branch 'the-truth'

CORP-AD+w127495@WL-FP7XVG3-Abi MINGW64 ~/Documents/stash_exercise (the-truth)
$ git switch master
Switched to branch 'master'
M       diary.txt

CORP-AD+w127495@WL-FP7XVG3-Abi MINGW64 ~/Documents/stash_exercise (master)
$ git stash
warning: in the working copy of 'diary.txt', LF will be replaced by CRLF the next time Git touches it
Saved working directory and index state WIP on master: 51db011 diary file added

CORP-AD+w127495@WL-FP7XVG3-Abi MINGW64 ~/Documents/stash_exercise (master)
$ git log
commit 51db011d92f4ae6f44715fe210fa86d07071915a (HEAD -> master, the-truth)
Author: Abimeena <abiammu2155@gmail.com>
Date:   Wed Oct 12 12:59:40 2022 +0530

    diary file added

CORP-AD+w127495@WL-FP7XVG3-Abi MINGW64 ~/Documents/stash_exercise (master)
$ git stash list
stash@{0}: WIP on master: 51db011 diary file added

CORP-AD+w127495@WL-FP7XVG3-Abi MINGW64 ~/Documents/stash_exercise (master)
$ start .

CORP-AD+w127495@WL-FP7XVG3-Abi MINGW64 ~/Documents/stash_exercise (master)
$ git commit -a -m "diary file added"
[master 2ca98da] diary file added
 1 file changed, 6 insertions(+)

CORP-AD+w127495@WL-FP7XVG3-Abi MINGW64 ~/Documents/stash_exercise (master)
$ git switch the-truth
Switched to branch 'the-truth'

CORP-AD+w127495@WL-FP7XVG3-Abi MINGW64 ~/Documents/stash_exercise (the-truth)
$ git stash apply
On branch the-truth
Changes not staged for commit:
  (use "git add <file>..." to update what will be committed)
  (use "git restore <file>..." to discard changes in working directory)
        modified:   diary.txt

no changes added to commit (use "git add" and/or "git commit -a")

CORP-AD+w127495@WL-FP7XVG3-Abi MINGW64 ~/Documents/stash_exercise (the-truth)
$ start .

CORP-AD+w127495@WL-FP7XVG3-Abi MINGW64 ~/Documents/stash_exercise (the-truth)
$ git switch master
error: Your local changes to the following files would be overwritten by checkout:
        diary.txt
Please commit your changes or stash them before you switch branches.
Aborting

CORP-AD+w127495@WL-FP7XVG3-Abi MINGW64 ~/Documents/stash_exercise (the-truth)
$ git stash
Saved working directory and index state WIP on the-truth: 51db011 diary file added

CORP-AD+w127495@WL-FP7XVG3-Abi MINGW64 ~/Documents/stash_exercise (the-truth)
$ git switch master
Switched to branch 'master'

CORP-AD+w127495@WL-FP7XVG3-Abi MINGW64 ~/Documents/stash_exercise (master)
$ git switch the-truth
Switched to branch 'the-truth'

CORP-AD+w127495@WL-FP7XVG3-Abi MINGW64 ~/Documents/stash_exercise (the-truth)
$ git stash apply
On branch the-truth
Changes not staged for commit:
  (use "git add <file>..." to update what will be committed)
  (use "git restore <file>..." to discard changes in working directory)
        modified:   diary.txt

no changes added to commit (use "git add" and/or "git commit -a")

CORP-AD+w127495@WL-FP7XVG3-Abi MINGW64 ~/Documents/stash_exercise (the-truth)
$ git stash save "boss truth"
Saved working directory and index state On the-truth: boss truth

CORP-AD+w127495@WL-FP7XVG3-Abi MINGW64 ~/Documents/stash_exercise (the-truth)
$ git stash list
stash@{0}: On the-truth: boss truth
stash@{1}: WIP on the-truth: 51db011 diary file added
stash@{2}: WIP on master: 51db011 diary file added

CORP-AD+w127495@WL-FP7XVG3-Abi MINGW64 ~/Documents/stash_exercise (the-truth)
$ git stash show
 diary.txt | 12 +++++++++++-
 1 file changed, 11 insertions(+), 1 deletion(-)

CORP-AD+w127495@WL-FP7XVG3-Abi MINGW64 ~/Documents/stash_exercise (the-truth)
$ git stash show -p
diff --git a/diary.txt b/diary.txt
index 55423c8..b5dc333 100644
--- a/diary.txt
+++ b/diary.txt
@@ -1 +1,11 @@
-I love my boss
+I HATE MY BOSS
+
+I HATE MY BOSS
+
+I HATE MY BOSS
+
+I HATE MY BOSS
+
+I HATE MY BOSS
+
+"but this is the truth"

CORP-AD+w127495@WL-FP7XVG3-Abi MINGW64 ~/Documents/stash_exercise (the-truth)
$ git stash pop
error: Your local changes to the following files would be overwritten by merge:
        diary.txt
Please commit your changes or stash them before you merge.
Aborting
On branch the-truth
Changes not staged for commit:
  (use "git add <file>..." to update what will be committed)
  (use "git restore <file>..." to discard changes in working directory)
        modified:   diary.txt

no changes added to commit (use "git add" and/or "git commit -a")
The stash entry is kept in case you need it again.

CORP-AD+w127495@WL-FP7XVG3-Abi MINGW64 ~/Documents/stash_exercise (the-truth)
$ git stash
Saved working directory and index state WIP on the-truth: 51db011 diary file added

CORP-AD+w127495@WL-FP7XVG3-Abi MINGW64 ~/Documents/stash_exercise (the-truth)
$ git switch master
Switched to branch 'master'

CORP-AD+w127495@WL-FP7XVG3-Abi MINGW64 ~/Documents/stash_exercise (master)
$ start .

CORP-AD+w127495@WL-FP7XVG3-Abi MINGW64 ~/Documents/stash_exercise (master)
$ git switch the-truth
Switched to branch 'the-truth'

CORP-AD+w127495@WL-FP7XVG3-Abi MINGW64 ~/Documents/stash_exercise (the-truth)
$ git stash pop
On branch the-truth
Changes not staged for commit:
  (use "git add <file>..." to update what will be committed)
  (use "git restore <file>..." to discard changes in working directory)
        modified:   diary.txt

no changes added to commit (use "git add" and/or "git commit -a")
Dropped refs/stash@{0} (8abe13be2b427aa5bdb6128a3dbfca3a2b1221b4)

CORP-AD+w127495@WL-FP7XVG3-Abi MINGW64 ~/Documents/stash_exercise (the-truth)
$ git stash list
stash@{0}: On the-truth: boss truth
stash@{1}: WIP on the-truth: 51db011 diary file added
stash@{2}: WIP on master: 51db011 diary file added

CORP-AD+w127495@WL-FP7XVG3-Abi MINGW64 ~/Documents/stash_exercise (the-truth)
$ start .

CORP-AD+w127495@WL-FP7XVG3-Abi MINGW64 ~/Documents/stash_exercise (the-truth)
$ git stash save "this is pop "
Saved working directory and index state On the-truth: this is pop

CORP-AD+w127495@WL-FP7XVG3-Abi MINGW64 ~/Documents/stash_exercise (the-truth)
$ git switch master
Switched to branch 'master'

CORP-AD+w127495@WL-FP7XVG3-Abi MINGW64 ~/Documents/stash_exercise (master)
$ git stash list
stash@{0}: On the-truth: this is pop
stash@{1}: On the-truth: boss truth
stash@{2}: WIP on the-truth: 51db011 diary file added
stash@{3}: WIP on master: 51db011 diary file added

CORP-AD+w127495@WL-FP7XVG3-Abi MINGW64 ~/Documents/stash_exercise (master)
$ git stash pop
Auto-merging diary.txt
CONFLICT (content): Merge conflict in diary.txt
On branch master
Unmerged paths:
  (use "git restore --staged <file>..." to unstage)
  (use "git add <file>..." to mark resolution)
        both modified:   diary.txt

no changes added to commit (use "git add" and/or "git commit -a")
The stash entry is kept in case you need it again.

CORP-AD+w127495@WL-FP7XVG3-Abi MINGW64 ~/Documents/stash_exercise (master)
$ git stash list
stash@{0}: On the-truth: this is pop
stash@{1}: On the-truth: boss truth
stash@{2}: WIP on the-truth: 51db011 diary file added
stash@{3}: WIP on master: 51db011 diary file added

CORP-AD+w127495@WL-FP7XVG3-Abi MINGW64 ~/Documents/stash_exercise (master)
$ git switch the-truth
error: you need to resolve your current index first
diary.txt: needs merge

CORP-AD+w127495@WL-FP7XVG3-Abi MINGW64 ~/Documents/stash_exercise (master)
$ git add diary.txt

CORP-AD+w127495@WL-FP7XVG3-Abi MINGW64 ~/Documents/stash_exercise (master)
$ git status
On branch master
Changes to be committed:
  (use "git restore --staged <file>..." to unstage)
        modified:   diary.txt


CORP-AD+w127495@WL-FP7XVG3-Abi MINGW64 ~/Documents/stash_exercise (master)
$ git switch the-truth
error: Your local changes to the following files would be overwritten by checkout:
        diary.txt
Please commit your changes or stash them before you switch branches.
Aborting

CORP-AD+w127495@WL-FP7XVG3-Abi MINGW64 ~/Documents/stash_exercise (master)
$ git commit
hint: Waiting for your editor to close the file... q
!q
Aborting commit due to empty commit message.

CORP-AD+w127495@WL-FP7XVG3-Abi MINGW64 ~/Documents/stash_exercise (master)
$ git switch the-truth
error: Your local changes to the following files would be overwritten by checkout:
        diary.txt
Please commit your changes or stash them before you switch branches.
Aborting

CORP-AD+w127495@WL-FP7XVG3-Abi MINGW64 ~/Documents/stash_exercise (master)
$ git commit -m "message"
[master 7121f67] message
 1 file changed, 10 insertions(+)

CORP-AD+w127495@WL-FP7XVG3-Abi MINGW64 ~/Documents/stash_exercise (master)
$ git switch the-truth
Switched to branch 'the-truth'

CORP-AD+w127495@WL-FP7XVG3-Abi MINGW64 ~/Documents/stash_exercise (the-truth)
$ git stash list
stash@{0}: On the-truth: this is pop
stash@{1}: On the-truth: boss truth
stash@{2}: WIP on the-truth: 51db011 diary file added
stash@{3}: WIP on master: 51db011 diary file added

CORP-AD+w127495@WL-FP7XVG3-Abi MINGW64 ~/Documents/stash_exercise (the-truth)
$ git stash pop
On branch the-truth
Changes not staged for commit:
  (use "git add <file>..." to update what will be committed)
  (use "git restore <file>..." to discard changes in working directory)
        modified:   diary.txt

no changes added to commit (use "git add" and/or "git commit -a")
Dropped refs/stash@{0} (0110671f6b72f81671d1b4281ac82954585fc61d)

CORP-AD+w127495@WL-FP7XVG3-Abi MINGW64 ~/Documents/stash_exercise (the-truth)
$ git stash list
stash@{0}: On the-truth: boss truth
stash@{1}: WIP on the-truth: 51db011 diary file added
stash@{2}: WIP on master: 51db011 diary file added

CORP-AD+w127495@WL-FP7XVG3-Abi MINGW64 ~/Documents/stash_exercise (the-truth)
$ start .

CORP-AD+w127495@WL-FP7XVG3-Abi MINGW64 ~/Documents/stash_exercise (the-truth)
$
